
SQL*Plus: Release 21.0.0.0.0 - Production on Wed Sep 17 04:43:44 2025
Version 21.3.0.0.0

Copyright (c) 1982, 2021, Oracle.  All rights reserved.

Enter user-name: system
Enter password:
Last Successful login time: Sun Sep 14 2025 19:13:48 +05:30

Connected to:
Oracle Database 21c Express Edition Release 21.0.0.0.0 - Production
Version 21.3.0.0.0

SQL> CREATE TABLE clientmaster (
  2     srno INT,
  3     name VARCHAR2(20)
  4  );
CREATE TABLE clientmaster (
             *
ERROR at line 1:
ORA-00955: name is already used by an existing object


SQL> create table clientmaster( srno int, name varchar(20));
create table clientmaster( srno int, name varchar(20))
             *
ERROR at line 1:
ORA-00955: name is already used by an existing object


SQL> DROP TABLE clientmaster CASCADE CONSTRAINTS;

Table dropped.

SQL> create table clientmaster( srno int, name varchar(20));

Table created.

SQL> CREATE TABLE audi (
  2     srno INT,
  3     name VARCHAR2(20)
  4  );

Table created.

SQL> INSERT INTO clientmaster VALUES (201, 'Sarthak');

1 row created.

SQL> INSERT INTO clientmaster VALUES (202, 'Atharva');

1 row created.

SQL> COMMIT;

Commit complete.

SQL> UPDATE clientmaster SET name = 'Om' WHERE srno = 201;

1 row updated.

SQL> DELETE FROM clientmaster WHERE srno = 202;

1 row deleted.

SQL> SELECT * FROM audi;

no rows selected

SQL> @C:\Users\sarth\OneDrive\Desktop\trigger2.sql

Trigger created.

SQL> set server output on;
SP2-0158: unknown SET option "server"
SQL> set serveroutput on;
SQL> UPDATE clientmaster SET name = 'Omi' WHERE srno = 201;

1 row updated.

SQL> DELETE FROM clientmaster WHERE srno = 203;

0 rows deleted.

SQL> SELECT * FROM audi;

      SRNO NAME
---------- --------------------
       201 Om (UPDATED)

SQL> @C:\Users\sarth\OneDrive\Desktop\trigger1.sql
SP2-0310: unable to open file "C:\Users\sarth\OneDrive\Desktop\trigger1.sql"
SQL> @C:\Users\sarth\OneDrive\Desktop\tigger1.sql

Trigger created.

SQL> INSERT INTO clientmaster VALUES (203, 'Rohit');

1 row created.

SQL>   2
SQL> SELECT * FROM audi;

      SRNO NAME
---------- --------------------
       201 Om (UPDATED)

SQL> select * from clientmaster;

      SRNO NAME
---------- --------------------
       201 Omi
       203 Rohit